  Determining projects to restore...
  All projects are up-to-date for restore.
  Banky.Contracts -> C:\DEV\banky\src\Shared\Banky.Contracts\bin\Debug\net9.0\Banky.Contracts.dll
  Account.Read.Core -> C:\DEV\banky\src\Services\Account.Read\Account.Read.Core\bin\Debug\net9.0\Account.Read.Core.dll
  Banky.ServiceDefaults -> C:\DEV\banky\src\Aspire\Banky.ServiceDefaults\bin\Debug\net8.0\Banky.ServiceDefaults.dll
  Account.Read.Infrastructure -> C:\DEV\banky\src\Services\Account.Read\Account.Read.Infrastructure\bin\Debug\net9.0\Account.Read.Infrastructure.dll
  Account.Read.Api -> C:\DEV\banky\src\Services\Account.Read\Account.Read.Api\bin\Debug\net9.0\Account.Read.Api.dll
  Account.Read.Tests -> C:\DEV\banky\tests\Account.Read.Tests\bin\Debug\net9.0\Account.Read.Tests.dll
Test run for C:\DEV\banky\tests\Account.Read.Tests\bin\Debug\net9.0\Account.Read.Tests.dll (.NETCoreApp,Version=v9.0)
VSTest version 17.14.1 (x64)

Starting test execution, please wait...
A total of 1 test files matched the specified pattern.
dotnet : [xUnit.net 00:00:00.81]     Account.Read.
Tests.AccountProjectorTests.FundsDeposited_ShouldU
pdateAccountBalance_And_CreateTransactionHistory 
[FAIL]
At line:1 char:1
+ dotnet test tests/Account.Read.Tests > 
build_output.txt 2>&1
+ ~~~~~~~~~~~~~~~~~~~~~~~~~~~~~~~~~~~~~~~~~~~~~~~~
~~~~~~~~~~~~
    + CategoryInfo          : NotSpecified: ([xUn 
   it.net 00:0...nHistory [FAIL]:String) [], Rem  
  oteException
    + FullyQualifiedErrorId : NativeCommandError
 
  Failed Account.Read.Tests.AccountProjectorTests.FundsDeposited_ShouldUpdateAccountBalance_And_CreateTransactionHistory [27 ms]
  Error Message:
   System.InvalidOperationException : The expression 't' is invalid inside an 'Include' operation, since it does not represent a property access: 't => t.MyProperty'. To target navigations declared on derived types, use casting ('t => ((Derived)t).MyProperty') or the 'as' operator ('t => (t as Derived).MyProperty'). Collection navigation access can be filtered by composing Where, OrderBy(Descending), ThenBy(Descending), Skip or Take operations. For more information on including related data, see https://go.microsoft.com/fwlink/?LinkID=746393.
  Stack Trace:
     at Microsoft.EntityFrameworkCore.Query.Internal.NavigationExpandingExpressionVisitor.<ProcessInclude>g__ExtractIncludeFilter|33_0(Expression currentExpression, Expression includeExpression)
   at Microsoft.EntityFrameworkCore.Query.Internal.NavigationExpandingExpressionVisitor.ProcessInclude(NavigationExpansionExpression source, Expression expression, Boolean thenInclude, Boolean setLoaded)
   at Microsoft.EntityFrameworkCore.Query.Internal.NavigationExpandingExpressionVisitor.VisitMethodCall(MethodCallExpression methodCallExpression)
   at Microsoft.EntityFrameworkCore.Query.Internal.NavigationExpandingExpressionVisitor.VisitMethodCall(MethodCallExpression methodCallExpression)
   at Microsoft.EntityFrameworkCore.Query.Internal.NavigationExpandingExpressionVisitor.Expand(Expression query)
   at Microsoft.EntityFrameworkCore.Query.QueryTranslationPreprocessor.Process(Expression query)
   at Microsoft.EntityFrameworkCore.InMemory.Query.Internal.InMemoryQueryTranslationPreprocessor.Process(Expression query)
   at Microsoft.EntityFrameworkCore.Query.QueryCompilationContext.CreateQueryExecutorExpression[TResult](Expression query)
   at Microsoft.EntityFrameworkCore.Query.QueryCompilationContext.CreateQueryExecutor[TResult](Expression query)
   at Microsoft.EntityFrameworkCore.Storage.Database.CompileQuery[TResult](Expression query, Boolean async)
   at Microsoft.EntityFrameworkCore.Query.Internal.QueryCompiler.CompileQueryCore[TResult](IDatabase database, Expression query, IModel model, Boolean async)
   at Microsoft.EntityFrameworkCore.Query.Internal.QueryCompiler.<>c__DisplayClass11_0`1.<ExecuteCore>b__0()
   at Microsoft.EntityFrameworkCore.Query.Internal.CompiledQueryCache.GetOrAddQuery[TResult](Object cacheKey, Func`1 compiler)
   at Microsoft.EntityFrameworkCore.Query.Internal.QueryCompiler.ExecuteCore[TResult](Expression query, Boolean async, CancellationToken cancellationToken)
   at Microsoft.EntityFrameworkCore.Query.Internal.QueryCompiler.ExecuteAsync[TResult](Expression query, CancellationToken cancellationToken)
   at Microsoft.EntityFrameworkCore.Query.Internal.EntityQueryProvider.ExecuteAsync[TResult](Expression expression, CancellationToken cancellationToken)
   at Microsoft.EntityFrameworkCore.EntityFrameworkQueryableExtensions.ExecuteAsync[TSource,TResult](MethodInfo operatorMethodInfo, IQueryable`1 source, Expression expression, CancellationToken cancellationToken)
   at Microsoft.EntityFrameworkCore.EntityFrameworkQueryableExtensions.ExecuteAsync[TSource,TResult](MethodInfo operatorMethodInfo, IQueryable`1 source, LambdaExpression expression, CancellationToken cancellationToken)
   at Microsoft.EntityFrameworkCore.EntityFrameworkQueryableExtensions.FirstOrDefaultAsync[TSource](IQueryable`1 source, Expression`1 predicate, CancellationToken cancellationToken)
   at Account.Read.Tests.AccountProjectorTests.FundsDeposited_ShouldUpdateAccountBalance_And_CreateTransactionHistory() in C:\DEV\banky\tests\Account.Read.Tests\AccountProjectorTests.cs:line 49
--- End of stack trace from previous location ---

Failed!  - Failed:     1, Passed:     3, Skipped:     0, Total:     4, Duration: 718 ms - Account.Read.Tests.dll (net9.0)

Workload updates are available. Run `dotnet workload list` for more information.
